// Jest Snapshot v1, https://goo.gl/fbAQLP

exports[`<Button /> Click button to sort restaurant 1`] = `
.c0 {
  width: -webkit-max-content;
  width: -moz-max-content;
  width: max-content;
  text-align: center;
  padding: 1rem 1.8rem;
  font-size: 1.2rem;
  -webkit-letter-spacing: 2px;
  -moz-letter-spacing: 2px;
  -ms-letter-spacing: 2px;
  letter-spacing: 2px;
  border: 2px solid #f8e9a1;
  color: #ffffff;
  background-color: #009de0;
  border-radius: 5px;
  font-weight: 700;
  box-shadow: 0 0 8px 0 rgba(32,33,37,0.12);
  cursor: pointer;
  -webkit-transition: all 0.2s;
  transition: all 0.2s;
  display: -webkit-box;
  display: -webkit-flex;
  display: -ms-flexbox;
  display: flex;
  -webkit-align-items: center;
  -webkit-box-align: center;
  -ms-flex-align: center;
  align-items: center;
  -webkit-transition: all ease-in-out 0.5s;
  transition: all ease-in-out 0.5s;
}

.c0:hover {
  background-color: #45b0de;
}

.c1 {
  width: 1.7rem;
  height: 1.7rem;
  padding-right: 0.8rem;
}

@media (max-width:900px) {
  .c0 {
    padding: 0.8rem 1.5rem;
    font-size: 1rem;
  }
}

@media (max-width:600px) {
  .c0 {
    font-size: 1rem;
  }
}

<button
  class="c0"
  data-testid="sort-button"
>
  <img
    class="c1"
    src=""
  />
  Sort Restaurants
</button>
`;
